[www.xolosui.org/index.html]
[backblue.gif]
[fade.gif]
[index.html]
[www.xolosui.org/styles.css]
[www.xolosui.org/faviconimg/apple-icon-57x57.png]
[www.xolosui.org/faviconimg/apple-icon-60x60.png]
[www.xolosui.org/faviconimg/apple-icon-72x72.png]
[www.xolosui.org/faviconimg/apple-icon-76x76.png]
[www.xolosui.org/faviconimg/apple-icon-114x114.png]
[www.xolosui.org/faviconimg/apple-icon-120x120.png]
[www.xolosui.org/faviconimg/apple-icon-144x144.png]
[www.xolosui.org/faviconimg/apple-icon-152x152.png]
[www.xolosui.org/faviconimg/apple-icon-180x180.png]
[www.xolosui.org/faviconimg/android-icon-192x192.png]
[www.xolosui.org/faviconimg/favicon-32x32.png]
[www.xolosui.org/faviconimg/favicon-96x96.png]
[www.xolosui.org/faviconimg/favicon-16x16.png]
[www.xolosui.org/faviconimg/manifest.json]
[www.xolosui.org/ms-icon-144x144.f.delayed]
[www.xolosui.org/star catv2 (1).png]
[www.xolosui.org/Empty.png]
[www.xolosui.org/main.png]
[www.xolosui.org/Forbidden button.png]
[www.xolosui.org/accessories/bgs/Bg4.png]
[www.xolosui.org/accessories/bgs/kjju.png]
[www.xolosui.org/accessories/bgs/Bg5.png]
[www.xolosui.org/accessories/bgs/onan.png]
[www.xolosui.org/accessories/bgs/R.png]
[www.xolosui.org/accessories/bgs/standup.png]
[www.xolosui.org/accessories/bgs/gokuaa.png]
[www.xolosui.org/accessories/bgs/undersea.png]
[www.xolosui.org/accessories/bgs/underwaterocean.png]
[www.xolosui.org/accessories/hats/anime2.png]
[www.xolosui.org/accessories/hats/ansem.png]
[www.xolosui.org/accessories/hats/ash.png]
[www.xolosui.org/accessories/hats/atchhat.png]
[www.xolosui.org/accessories/hats/constr2.png]
[www.xolosui.org/accessories/hats/frog_hat.png]
[www.xolosui.org/accessories/hats/goku.png]
[www.xolosui.org/accessories/hats/hair.png]
[www.xolosui.org/accessories/hats/hair_gray.png]
[www.xolosui.org/accessories/hats/yugi.png]
[www.xolosui.org/accessories/faces/sadpepe.png]
[www.xolosui.org/accessories/faces/sacabam.png]
[www.xolosui.org/accessories/faces/hsui.png]
[www.xolosui.org/accessories/faces/marsh.png]
[www.xolosui.org/accessories/faces/chuck.png]
[www.xolosui.org/accessories/faces/bearf.png]
[www.xolosui.org/accessories/faces/aot.png]
[www.xolosui.org/accessories/faces/v.png]
[www.xolosui.org/accessories/eyes/cigar.png]
[www.xolosui.org/accessories/eyes/cheek.png]
[www.xolosui.org/accessories/eyes/bouzb.png]
[www.xolosui.org/accessories/eyes/eye1.png]
[www.xolosui.org/accessories/eyes/eye2.png]
[www.xolosui.org/accessories/eyes/5 (1).png]
[www.xolosui.org/accessories/eyes/6 (1).png]
[www.xolosui.org/accessories/bodies/wonka.png]
[www.xolosui.org/accessories/bodies/outfit3.png]
[www.xolosui.org/accessories/bodies/outfit4.png]
[www.xolosui.org/accessories/bodies/outfit5.png]
[www.xolosui.org/accessories/bodies/2 (3).png]
[www.xolosui.org/accessories/bodies/3 (3).png]
[www.xolosui.org/accessories/bodies/4 (3).png]
[www.xolosui.org/accessories/bodies/5 (3).png]
[www.xolosui.org/accessories/bodies/6 (3).png]
[www.xolosui.org/accessories/special/aura.png]
[www.xolosui.org/accessories/special/blue_aura.png]
[www.xolosui.org/accessories/special/cloud.png]
[www.xolosui.org/accessories/special/red_aura.png]
[www.xolosui.org/accessories/special/thor.png]
[www.xolosui.org/accessories/special/zoro(1).png]
[www.xolosui.org/accessories/special/gun.png]
[www.xolosui.org/accessories/special/assault.png]
[www.xolosui.org/accessories/special/blade.png]
[www.xolosui.org/accessories/special/big_balls.png]
[www.xolosui.org/accessories/special/dj-bass.png]
[www.xolosui.org/accessories/special/demon_sword.png]
[www.xolosui.org/accessories/special/doom_shooter.png]
[www.xolosui.org/accessories/special/dj.png]
[www.xolosui.org/accessories/special/double.png]
[www.xolosui.org/accessories/special/hammer.png]
[www.xolosui.org/accessories/special/gunn.png]
[www.xolosui.org/accessories/special/kusarigama.png]
[www.xolosui.org/accessories/special/lightsaber.png]
[www.xolosui.org/accessories/special/lightning_sword.png]
[www.xolosui.org/accessories/special/monster.png]
[www.xolosui.org/accessories/special/shield.png]
[www.xolosui.org/test.html]
[www.xolosui.org/index.html]
[www.xolosui.org/scripts.js]
[www.xolosui.org/bg.jpg]
[www.xolosui.org/styles.css]
[www.xolosui.org/ms-icon-144x144.html]
[www.xolosui.org/test.html]
